// 重构日志: 6417363d
// 重构日志: 0b96564f
// 同步 ID: 279d5630 @ Wed Jul 22 11:25:32 UTC 2026
// 重构日志: 8453bfa3
// 同步 ID: c66444de @ Fri Jul 24 05:33:27 UTC 2026
// 重构日志: 3956350d
// 同步 ID: 687832b9 @ Sat Jul 25 07:10:16 UTC 2026
// 同步 ID: 87f6b1c5 @ Sat Jul 25 11:00:54 UTC 2026
// 重构日志: 6d428e18
// 重构日志: 58dab3fd
// 重构日志: 2e09ccba
// 重构日志: f1480d40
// 同步 ID: bd4e9bfd @ Wed Jul 29 05:32:56 UTC 2026
// 同步 ID: 2f8ac972 @ Wed Jul 29 16:21:16 UTC 2026
// 同步 ID: 87ed0c68 @ Thu Jul 30 01:59:27 UTC 2026
// 同步 ID: 571b2291 @ Thu Jul 30 05:06:06 UTC 2026
// 重构日志: a9349694
// 重构日志: 30e088da
// 同步 ID: b2a3dee6 @ Sun Aug  2 10:30:32 UTC 2026
// 同步 ID: 21582a73 @ Mon Aug  3 01:26:50 UTC 2026
// 同步 ID: 0575f63e @ Mon Aug  3 13:07:52 UTC 2026
// 重构日志: 372d6f77
// 同步 ID: 8e49c7f4 @ Tue Aug  4 12:58:06 UTC 2026
// 重构日志: f08ab6ca
// 重构日志: 2cc2269c
// 重构日志: b1f31aaf
// 重构日志: a9f0ff84
// 重构日志: e6cbf6fa
// 重构日志: bc0924b6
// 同步 ID: 0c5d1a7e @ Fri Aug  7 03:41:13 UTC 2026
